../Drivers/CMSIS/Include/core_cm4.h:2059:26:ITM_SendChar	16	static,ignoring_inline_asm
../Core/Src/main.c:76:5:main	8	static
../Core/Src/main.c:157:6:SystemClock_Config	96	static
../Core/Src/main.c:202:13:MX_USART2_UART_Init	8	static
../Core/Src/main.c:237:13:MX_GPIO_Init	40	static
../Core/Src/main.c:273:6:Task_action	16	static
../Core/Src/main.c:286:6:StartDefaultTask	16	static
../Core/Src/main.c:307:6:HAL_TIM_PeriodElapsedCallback	16	static
../Core/Src/main.c:324:6:Error_Handler	4	static,ignoring_inline_asm
